Processing ./gpu-systems-lab
  Installing build dependencies: started
  Installing build dependencies: finished with status 'done'
  Getting requirements to build wheel: started
  Getting requirements to build wheel: finished with status 'done'
  Preparing metadata (pyproject.toml): started
  Preparing metadata (pyproject.toml): finished with status 'done'
Collecting build<2,>=1.3 (from gpu-systems-lab==0.2.0)
  Downloading build-1.5.0-py3-none-any.whl.metadata (5.7 kB)
Collecting jsonschema<5,>=4.25 (from gpu-systems-lab==0.2.0)
  Downloading jsonschema-4.26.0-py3-none-any.whl.metadata (7.6 kB)
Collecting pytest-cov<8,>=6 (from gpu-systems-lab==0.2.0)
  Downloading pytest_cov-7.1.0-py3-none-any.whl.metadata (32 kB)
Collecting pytest<10,>=8.4 (from gpu-systems-lab==0.2.0)
  Downloading pytest-9.1.1-py3-none-any.whl.metadata (7.6 kB)
Collecting ruff<1,>=0.12 (from gpu-systems-lab==0.2.0)
  Downloading ruff-0.16.4-py3-none-manylinux_2_17_x86_64.manylinux2014_x86_64.whl.metadata (26 kB)
Collecting ninja<2,>=1.11 (from gpu-systems-lab==0.2.0)
  Downloading ninja-1.13.0-py3-none-manylinux2014_x86_64.manylinux_2_17_x86_64.whl.metadata (5.1 kB)
Collecting numpy<3,>=2 (from gpu-systems-lab==0.2.0)
  Downloading numpy-2.5.2-cp312-cp312-manylinux_2_27_x86_64.manylinux_2_28_x86_64.whl.metadata (6.6 kB)
Requirement already satisfied: torch<2.14,>=2.10 in ./gpu-systems-venv/lib/python3.12/site-packages (from gpu-systems-lab==0.2.0) (2.13.0+cu126)
Requirement already satisfied: triton<3.8,>=3.5 in ./gpu-systems-venv/lib/python3.12/site-packages (from gpu-systems-lab==0.2.0) (3.7.1)
Collecting packaging>=24.0 (from build<2,>=1.3->gpu-systems-lab==0.2.0)
  Using cached packaging-26.3-py3-none-any.whl.metadata (3.5 kB)
Collecting pyproject_hooks (from build<2,>=1.3->gpu-systems-lab==0.2.0)
  Downloading pyproject_hooks-1.2.0-py3-none-any.whl.metadata (1.3 kB)
Collecting attrs>=22.2.0 (from jsonschema<5,>=4.25->gpu-systems-lab==0.2.0)
  Downloading attrs-26.1.0-py3-none-any.whl.metadata (8.8 kB)
Collecting jsonschema-specifications>=2023.03.6 (from jsonschema<5,>=4.25->gpu-systems-lab==0.2.0)
  Downloading jsonschema_specifications-2025.9.1-py3-none-any.whl.metadata (2.9 kB)
Collecting referencing>=0.28.4 (from jsonschema<5,>=4.25->gpu-systems-lab==0.2.0)
  Downloading referencing-0.37.0-py3-none-any.whl.metadata (2.8 kB)
Collecting rpds-py>=0.25.0 (from jsonschema<5,>=4.25->gpu-systems-lab==0.2.0)
  Downloading rpds_py-2026.6.3-cp312-cp312-manylinux_2_17_x86_64.manylinux2014_x86_64.whl.metadata (4.1 kB)
Collecting iniconfig>=1.0.1 (from pytest<10,>=8.4->gpu-systems-lab==0.2.0)
  Downloading iniconfig-2.3.0-py3-none-any.whl.metadata (2.5 kB)
Collecting pluggy<2,>=1.5 (from pytest<10,>=8.4->gpu-systems-lab==0.2.0)
  Using cached pluggy-1.6.0-py3-none-any.whl.metadata (4.8 kB)
Collecting pygments>=2.7.2 (from pytest<10,>=8.4->gpu-systems-lab==0.2.0)
  Downloading pygments-2.21.0-py3-none-any.whl.metadata (2.5 kB)
Collecting coverage>=7.10.6 (from coverage[toml]>=7.10.6->pytest-cov<8,>=6->gpu-systems-lab==0.2.0)
  Downloading coverage-7.15.4-cp312-cp312-manylinux1_x86_64.manylinux_2_28_x86_64.manylinux_2_5_x86_64.whl.metadata (8.6 kB)
Requirement already satisfied: filelock in ./gpu-systems-venv/lib/python3.12/site-packages (from torch<2.14,>=2.10->gpu-systems-lab==0.2.0) (3.32.3)
Requirement already satisfied: typing-extensions>=4.10.0 in ./gpu-systems-venv/lib/python3.12/site-packages (from torch<2.14,>=2.10->gpu-systems-lab==0.2.0) (4.16.0)
Requirement already satisfied: setuptools>=77.0.3 in ./gpu-systems-venv/lib/python3.12/site-packages (from torch<2.14,>=2.10->gpu-systems-lab==0.2.0) (78.1.0)
Requirement already satisfied: sympy>=1.13.3 in ./gpu-systems-venv/lib/python3.12/site-packages (from torch<2.14,>=2.10->gpu-systems-lab==0.2.0) (1.14.0)
Requirement already satisfied: networkx>=2.5.1 in ./gpu-systems-venv/lib/python3.12/site-packages (from torch<2.14,>=2.10->gpu-systems-lab==0.2.0) (3.6.1)
Requirement already satisfied: jinja2 in ./gpu-systems-venv/lib/python3.12/site-packages (from torch<2.14,>=2.10->gpu-systems-lab==0.2.0) (3.1.6)
Requirement already satisfied: fsspec>=0.8.5 in ./gpu-systems-venv/lib/python3.12/site-packages (from torch<2.14,>=2.10->gpu-systems-lab==0.2.0) (2026.7.0)
Requirement already satisfied: cuda-toolkit==12.6.3 in ./gpu-systems-venv/lib/python3.12/site-packages (from cuda-toolkit[cublas,cudart,cufft,cufile,cupti,curand,cusolver,cusparse,nvjitlink,nvrtc,nvtx]==12.6.3; platform_system == "Linux"->torch<2.14,>=2.10->gpu-systems-lab==0.2.0) (12.6.3)
Requirement already satisfied: cuda-bindings<13,>=12.9.4 in ./gpu-systems-venv/lib/python3.12/site-packages (from torch<2.14,>=2.10->gpu-systems-lab==0.2.0) (12.9.7)
Requirement already satisfied: nvidia-cudnn-cu12==9.10.2.21 in ./gpu-systems-venv/lib/python3.12/site-packages (from torch<2.14,>=2.10->gpu-systems-lab==0.2.0) (9.10.2.21)
Requirement already satisfied: nvidia-cusparselt-cu12==0.7.1 in ./gpu-systems-venv/lib/python3.12/site-packages (from torch<2.14,>=2.10->gpu-systems-lab==0.2.0) (0.7.1)
Requirement already satisfied: nvidia-nccl-cu12==2.29.3 in ./gpu-systems-venv/lib/python3.12/site-packages (from torch<2.14,>=2.10->gpu-systems-lab==0.2.0) (2.29.3)
Requirement already satisfied: nvidia-nvshmem-cu12==3.4.5 in ./gpu-systems-venv/lib/python3.12/site-packages (from torch<2.14,>=2.10->gpu-systems-lab==0.2.0) (3.4.5)
Requirement already satisfied: nvidia-cublas-cu12==12.6.4.1.* in ./gpu-systems-venv/lib/python3.12/site-packages (from cuda-toolkit[cublas,cudart,cufft,cufile,cupti,curand,cusolver,cusparse,nvjitlink,nvrtc,nvtx]==12.6.3; platform_system == "Linux"->torch<2.14,>=2.10->gpu-systems-lab==0.2.0) (12.6.4.1)
Requirement already satisfied: nvidia-cuda-runtime-cu12==12.6.77.* in ./gpu-systems-venv/lib/python3.12/site-packages (from cuda-toolkit[cublas,cudart,cufft,cufile,cupti,curand,cusolver,cusparse,nvjitlink,nvrtc,nvtx]==12.6.3; platform_system == "Linux"->torch<2.14,>=2.10->gpu-systems-lab==0.2.0) (12.6.77)
Requirement already satisfied: nvidia-cufft-cu12==11.3.0.4.* in ./gpu-systems-venv/lib/python3.12/site-packages (from cuda-toolkit[cublas,cudart,cufft,cufile,cupti,curand,cusolver,cusparse,nvjitlink,nvrtc,nvtx]==12.6.3; platform_system == "Linux"->torch<2.14,>=2.10->gpu-systems-lab==0.2.0) (11.3.0.4)
Requirement already satisfied: nvidia-cufile-cu12==1.11.1.6.* in ./gpu-systems-venv/lib/python3.12/site-packages (from cuda-toolkit[cublas,cudart,cufft,cufile,cupti,curand,cusolver,cusparse,nvjitlink,nvrtc,nvtx]==12.6.3; platform_system == "Linux"->torch<2.14,>=2.10->gpu-systems-lab==0.2.0) (1.11.1.6)
Requirement already satisfied: nvidia-cuda-cupti-cu12==12.6.80.* in ./gpu-systems-venv/lib/python3.12/site-packages (from cuda-toolkit[cublas,cudart,cufft,cufile,cupti,curand,cusolver,cusparse,nvjitlink,nvrtc,nvtx]==12.6.3; platform_system == "Linux"->torch<2.14,>=2.10->gpu-systems-lab==0.2.0) (12.6.80)
Requirement already satisfied: nvidia-curand-cu12==10.3.7.77.* in ./gpu-systems-venv/lib/python3.12/site-packages (from cuda-toolkit[cublas,cudart,cufft,cufile,cupti,curand,cusolver,cusparse,nvjitlink,nvrtc,nvtx]==12.6.3; platform_system == "Linux"->torch<2.14,>=2.10->gpu-systems-lab==0.2.0) (10.3.7.77)
Requirement already satisfied: nvidia-cusolver-cu12==11.7.1.2.* in ./gpu-systems-venv/lib/python3.12/site-packages (from cuda-toolkit[cublas,cudart,cufft,cufile,cupti,curand,cusolver,cusparse,nvjitlink,nvrtc,nvtx]==12.6.3; platform_system == "Linux"->torch<2.14,>=2.10->gpu-systems-lab==0.2.0) (11.7.1.2)
Requirement already satisfied: nvidia-cusparse-cu12==12.5.4.2.* in ./gpu-systems-venv/lib/python3.12/site-packages (from cuda-toolkit[cublas,cudart,cufft,cufile,cupti,curand,cusolver,cusparse,nvjitlink,nvrtc,nvtx]==12.6.3; platform_system == "Linux"->torch<2.14,>=2.10->gpu-systems-lab==0.2.0) (12.5.4.2)
Requirement already satisfied: nvidia-nvjitlink-cu12==12.6.85.* in ./gpu-systems-venv/lib/python3.12/site-packages (from cuda-toolkit[cublas,cudart,cufft,cufile,cupti,curand,cusolver,cusparse,nvjitlink,nvrtc,nvtx]==12.6.3; platform_system == "Linux"->torch<2.14,>=2.10->gpu-systems-lab==0.2.0) (12.6.85)
Requirement already satisfied: nvidia-cuda-nvrtc-cu12==12.6.85.* in ./gpu-systems-venv/lib/python3.12/site-packages (from cuda-toolkit[cublas,cudart,cufft,cufile,cupti,curand,cusolver,cusparse,nvjitlink,nvrtc,nvtx]==12.6.3; platform_system == "Linux"->torch<2.14,>=2.10->gpu-systems-lab==0.2.0) (12.6.85)
Requirement already satisfied: nvidia-nvtx-cu12==12.6.77.* in ./gpu-systems-venv/lib/python3.12/site-packages (from cuda-toolkit[cublas,cudart,cufft,cufile,cupti,curand,cusolver,cusparse,nvjitlink,nvrtc,nvtx]==12.6.3; platform_system == "Linux"->torch<2.14,>=2.10->gpu-systems-lab==0.2.0) (12.6.77)
Requirement already satisfied: cuda-pathfinder~=1.1 in ./gpu-systems-venv/lib/python3.12/site-packages (from cuda-bindings<13,>=12.9.4->torch<2.14,>=2.10->gpu-systems-lab==0.2.0) (1.6.0)
Requirement already satisfied: mpmath<1.4,>=1.1.0 in ./gpu-systems-venv/lib/python3.12/site-packages (from sympy>=1.13.3->torch<2.14,>=2.10->gpu-systems-lab==0.2.0) (1.3.0)
Requirement already satisfied: MarkupSafe>=2.0 in ./gpu-systems-venv/lib/python3.12/site-packages (from jinja2->torch<2.14,>=2.10->gpu-systems-lab==0.2.0) (3.0.3)
Downloading build-1.5.0-py3-none-any.whl (26 kB)
Downloading jsonschema-4.26.0-py3-none-any.whl (90 kB)
Downloading ninja-1.13.0-py3-none-manylinux2014_x86_64.manylinux_2_17_x86_64.whl (180 kB)
Downloading numpy-2.5.2-cp312-cp312-manylinux_2_27_x86_64.manylinux_2_28_x86_64.whl (16.7 MB)
   ━━━━━━━━━━━━━━━━━━━━━━━━━━━━━━━━━━━━━━━━ 16.7/16.7 MB 116.1 MB/s  0:00:00
Downloading pytest-9.1.1-py3-none-any.whl (386 kB)
Using cached pluggy-1.6.0-py3-none-any.whl (20 kB)
Downloading pytest_cov-7.1.0-py3-none-any.whl (22 kB)
Downloading ruff-0.16.4-py3-none-manylinux_2_17_x86_64.manylinux2014_x86_64.whl (10.3 MB)
   ━━━━━━━━━━━━━━━━━━━━━━━━━━━━━━━━━━━━━━━━ 10.3/10.3 MB 92.9 MB/s  0:00:00
Downloading attrs-26.1.0-py3-none-any.whl (67 kB)
Downloading coverage-7.15.4-cp312-cp312-manylinux1_x86_64.manylinux_2_28_x86_64.manylinux_2_5_x86_64.whl (257 kB)
Downloading iniconfig-2.3.0-py3-none-any.whl (7.5 kB)
Downloading jsonschema_specifications-2025.9.1-py3-none-any.whl (18 kB)
Using cached packaging-26.3-py3-none-any.whl (129 kB)
Downloading pygments-2.21.0-py3-none-any.whl (1.3 MB)
   ━━━━━━━━━━━━━━━━━━━━━━━━━━━━━━━━━━━━━━━━ 1.3/1.3 MB 57.5 MB/s  0:00:00
Downloading referencing-0.37.0-py3-none-any.whl (26 kB)
Downloading rpds_py-2026.6.3-cp312-cp312-manylinux_2_17_x86_64.manylinux2014_x86_64.whl (366 kB)
Downloading pyproject_hooks-1.2.0-py3-none-any.whl (10 kB)
Building wheels for collected packages: gpu-systems-lab
  Building wheel for gpu-systems-lab (pyproject.toml): started
  Building wheel for gpu-systems-lab (pyproject.toml): finished with status 'done'
  Created wheel for gpu-systems-lab: filename=gpu_systems_lab-0.2.0-py3-none-any.whl size=53914 sha256=9fd78bb6a85f72d1d29390ce6ac6fde9583c2ad1c66f52eb5064ab28d7518f7c
  Stored in directory: /tmp/pip-ephem-wheel-cache-5h05ewgu/wheels/62/b5/2b/1cbcd603b33091bb07f93048adab2879cd06959e4975b87873
Successfully built gpu-systems-lab
Installing collected packages: ruff, rpds-py, pyproject_hooks, pygments, pluggy, packaging, numpy, ninja, iniconfig, gpu-systems-lab, coverage, attrs, referencing, pytest, build, pytest-cov, jsonschema-specifications, jsonschema

Successfully installed attrs-26.1.0 build-1.5.0 coverage-7.15.4 gpu-systems-lab-0.2.0 iniconfig-2.3.0 jsonschema-4.26.0 jsonschema-specifications-2025.9.1 ninja-1.13.0 numpy-2.5.2 packaging-26.3 pluggy-1.6.0 pygments-2.21.0 pyproject_hooks-1.2.0 pytest-9.1.1 pytest-cov-7.1.0 referencing-0.37.0 rpds-py-2026.6.3 ruff-0.16.4
