Cloning into '/kaggle/working/gpu-systems-lab'...
Updating files:   3% (2/64)
Updating files:   4% (3/64)
Updating files:   6% (4/64)
Updating files:   7% (5/64)
Updating files:   9% (6/64)
Updating files:  10% (7/64)
Updating files:  12% (8/64)
Updating files:  14% (9/64)
Updating files:  15% (10/64)
Updating files:  17% (11/64)
Updating files:  18% (12/64)
Updating files:  20% (13/64)
Updating files:  21% (14/64)
Updating files:  23% (15/64)
Updating files:  25% (16/64)
Updating files:  26% (17/64)
Updating files:  28% (18/64)
Updating files:  29% (19/64)
Updating files:  31% (20/64)
Updating files:  32% (21/64)
Updating files:  34% (22/64)
Updating files:  35% (23/64)
Updating files:  37% (24/64)
Updating files:  39% (25/64)
Updating files:  40% (26/64)
Updating files:  42% (27/64)
Updating files:  43% (28/64)
Updating files:  45% (29/64)
Updating files:  46% (30/64)
Updating files:  48% (31/64)
Updating files:  50% (32/64)
Updating files:  51% (33/64)
Updating files:  53% (34/64)
Updating files:  54% (35/64)
Updating files:  56% (36/64)
Updating files:  57% (37/64)
Updating files:  59% (38/64)
Updating files:  60% (39/64)
Updating files:  62% (40/64)
Updating files:  64% (41/64)
Updating files:  65% (42/64)
Updating files:  67% (43/64)
Updating files:  68% (44/64)
Updating files:  70% (45/64)
Updating files:  71% (46/64)
Updating files:  73% (47/64)
Updating files:  75% (48/64)
Updating files:  76% (49/64)
Updating files:  78% (50/64)
Updating files:  79% (51/64)
Updating files:  81% (52/64)
Updating files:  82% (53/64)
Updating files:  84% (54/64)
Updating files:  85% (55/64)
Updating files:  87% (56/64)
Updating files:  89% (57/64)
Updating files:  90% (58/64)
Updating files:  92% (59/64)
Updating files:  93% (60/64)
Updating files:  95% (61/64)
Updating files:  96% (62/64)
Updating files:  98% (63/64)
Updating files: 100% (64/64)
Updating files: 100% (64/64), done.
