attrs==26.1.0
build==1.5.0
coverage==7.15.4
cuda-bindings==12.9.7
cuda-pathfinder==1.6.0
cuda-toolkit==12.6.3
filelock==3.32.3
fsspec==2026.7.0
gpu-systems-lab @ file:///kaggle/working/gpu-systems-lab
iniconfig==2.3.0
Jinja2==3.1.6
jsonschema==4.26.0
jsonschema-specifications==2025.9.1
MarkupSafe==3.0.3
mpmath==1.3.0
networkx==3.6.1
ninja==1.13.0
numpy==2.5.2
nvidia-cublas-cu12==12.6.4.1
nvidia-cuda-cupti-cu12==12.6.80
nvidia-cuda-nvrtc-cu12==12.6.85
nvidia-cuda-runtime-cu12==12.6.77
nvidia-cudnn-cu12==9.10.2.21
nvidia-cufft-cu12==11.3.0.4
nvidia-cufile-cu12==1.11.1.6
nvidia-curand-cu12==10.3.7.77
nvidia-cusolver-cu12==11.7.1.2
nvidia-cusparse-cu12==12.5.4.2
nvidia-cusparselt-cu12==0.7.1
nvidia-nccl-cu12==2.29.3
nvidia-nvjitlink-cu12==12.6.85
nvidia-nvshmem-cu12==3.4.5
nvidia-nvtx-cu12==12.6.77
packaging==26.3
pip==26.2.1
pluggy==1.6.0
Pygments==2.21.0
pyproject_hooks==1.2.0
pytest==9.1.1
pytest-cov==7.1.0
referencing==0.37.0
rpds-py==2026.6.3
ruff==0.16.4
setuptools==78.1.0
sympy==1.14.0
torch==2.13.0+cu126
triton==3.7.1
typing_extensions==4.16.0
wrapt==2.3.0
