
*****************************************
Setting OMP_NUM_THREADS environment variable for each process to be 1 in default, to avoid your system being overloaded, please further tune the variable for optimal performance in your application as needed. 
*****************************************
[W821 02:50:01.295706233 socket.cpp:207] [c10d] The hostname of the client socket cannot be retrieved. err=-3
[W821 02:50:03.338619693 socket.cpp:207] [c10d] The hostname of the client socket cannot be retrieved. err=-3
[W821 02:50:03.367389643 socket.cpp:207] [c10d] The hostname of the client socket cannot be retrieved. err=-3
c320179896ae:335:335 [0] NCCL INFO ENV/Plugin: Could not find: libnccl-env.so
c320179896ae:335:335 [0] NCCL INFO Bootstrap: Using eth0:172.19.2.2<0>
c320179896ae:335:335 [0] NCCL INFO cudaDriverVersion 13000
c320179896ae:335:335 [0] NCCL INFO NCCL version 2.29.3+cuda12.9
c320179896ae:335:335 [0] NCCL INFO NCCL git version stable dcf2a2fbe
c320179896ae:335:335 [0] NCCL INFO Comm config Blocking set to 1
c320179896ae:336:336 [1] NCCL INFO ENV/Plugin: Could not find: libnccl-env.so
c320179896ae:336:336 [1] NCCL INFO cudaDriverVersion 13000
c320179896ae:336:336 [1] NCCL INFO Bootstrap: Using eth0:172.19.2.2<0>
c320179896ae:336:336 [1] NCCL INFO NCCL version 2.29.3+cuda12.9
c320179896ae:336:336 [1] NCCL INFO NCCL git version stable dcf2a2fbe
c320179896ae:336:336 [1] NCCL INFO Comm config Blocking set to 1
c320179896ae:335:335 [0] NCCL INFO NET/Plugin: Could not find: libnccl-net.so
c320179896ae:336:336 [1] NCCL INFO NET/Plugin: Could not find: libnccl-net.so
c320179896ae:336:336 [1] NCCL INFO NET/IB : No device found.
c320179896ae:335:335 [0] NCCL INFO NET/IB : No device found.
c320179896ae:335:335 [0] NCCL INFO NET/IB : Using [RO]; OOB eth0:172.19.2.2<0>
c320179896ae:335:335 [0] NCCL INFO Failed to initialize NET plugin IB
c320179896ae:336:336 [1] NCCL INFO NET/IB : Using [RO]; OOB eth0:172.19.2.2<0>
c320179896ae:336:336 [1] NCCL INFO Failed to initialize NET plugin IB
c320179896ae:335:335 [0] NCCL INFO NET/Socket : Using [0]eth0:172.19.2.2<0>
c320179896ae:335:335 [0] NCCL INFO Initialized NET plugin Socket
c320179896ae:335:335 [0] NCCL INFO Assigned NET plugin Socket to comm
c320179896ae:335:335 [0] NCCL INFO Using network Socket
c320179896ae:336:336 [1] NCCL INFO NET/Socket : Using [0]eth0:172.19.2.2<0>
c320179896ae:336:336 [1] NCCL INFO Initialized NET plugin Socket
c320179896ae:336:336 [1] NCCL INFO Assigned NET plugin Socket to comm
c320179896ae:336:336 [1] NCCL INFO Using network Socket
c320179896ae:336:336 [1] NCCL INFO [Rank 1] ncclCommInitRankConfig comm 0x198bd320 rank 1 nranks 2 cudaDev 1 nvmlDev 1 busId 50 commId 0xac6e8cfc122ba284 - Init START
c320179896ae:335:335 [0] NCCL INFO [Rank 0] ncclCommInitRankConfig comm 0x48257bc0 rank 0 nranks 2 cudaDev 0 nvmlDev 0 busId 40 commId 0xac6e8cfc122ba284 - Init START
c320179896ae:335:335 [0] NCCL INFO RAS client listening socket at ::1<28028>
c320179896ae:336:336 [1] NCCL INFO RAS client listening socket at ::1<28028>
c320179896ae:336:336 [1] NCCL INFO Bootstrap timings total 0.002137 (create 0.000062, send 0.000132, recv 0.001352, ring 0.000042, delay 0.000000)
c320179896ae:335:335 [0] NCCL INFO Bootstrap timings total 0.000932 (create 0.000048, send 0.000115, recv 0.000239, ring 0.000075, delay 0.000000)
c320179896ae:336:336 [1] NCCL INFO ncclTopoGetCpuAffinity: Affinity for GPU 1 is 0-3. (GPU affinity = 0-3 ; CPU affinity = 0-3).
c320179896ae:335:335 [0] NCCL INFO ncclTopoGetCpuAffinity: Affinity for GPU 0 is 0-3. (GPU affinity = 0-3 ; CPU affinity = 0-3).
c320179896ae:335:335 [0] NCCL INFO NVLS multicast support is not available on dev 0 (NVLS_NCHANNELS 0)
c320179896ae:336:336 [1] NCCL INFO NVLS multicast support is not available on dev 1 (NVLS_NCHANNELS 0)
c320179896ae:335:335 [0] NCCL INFO comm 0x48257bc0 rank 0 nRanks 2 nNodes 1 localRanks 2 localRank 0 MNNVL 0
c320179896ae:336:336 [1] NCCL INFO comm 0x198bd320 rank 1 nRanks 2 nNodes 1 localRanks 2 localRank 1 MNNVL 0
c320179896ae:335:335 [0] NCCL INFO Channel 00/02 : 0 1
c320179896ae:335:335 [0] NCCL INFO Channel 01/02 : 0 1
c320179896ae:335:335 [0] NCCL INFO Trees [0] 1/-1/-1->0->-1 [1] 1/-1/-1->0->-1
c320179896ae:335:335 [0] NCCL INFO P2P Chunksize set to 131072
c320179896ae:336:336 [1] NCCL INFO Trees [0] -1/-1/-1->1->0 [1] -1/-1/-1->1->0
c320179896ae:336:336 [1] NCCL INFO P2P Chunksize set to 131072
c320179896ae:335:335 [0] NCCL INFO PROFILER/Plugin: Could not find: libnccl-profiler.so
c320179896ae:335:335 [0] NCCL INFO Check P2P Type isAllDirectP2p 0 directMode 0 isAllCudaP2p 1
c320179896ae:336:336 [1] NCCL INFO PROFILER/Plugin: Could not find: libnccl-profiler.so
c320179896ae:336:336 [1] NCCL INFO Check P2P Type isAllDirectP2p 0 directMode 0 isAllCudaP2p 1
c320179896ae:336:351 [0] NCCL INFO [Proxy Service] Device 1 CPU core 2
c320179896ae:335:350 [0] NCCL INFO [Proxy Service] Device 0 CPU core 1
c320179896ae:336:352 [0] NCCL INFO [Proxy Service UDS] Device 1 CPU core 0
c320179896ae:335:353 [0] NCCL INFO [Proxy Service UDS] Device 0 CPU core 3
c320179896ae:335:335 [0] NCCL INFO TUNER/Plugin: Could not find: libnccl-tuner.so
c320179896ae:336:336 [1] NCCL INFO TUNER/Plugin: Could not find: libnccl-tuner.so
c320179896ae:336:336 [1] NCCL INFO threadThresholds 8/8/64 | 16/8/64 | 512 | 512
c320179896ae:336:336 [1] NCCL INFO 2 coll channels, 2 collnet channels, 0 nvls channels, 2 p2p channels, 2 p2p channels per peer
c320179896ae:335:335 [0] NCCL INFO threadThresholds 8/8/64 | 16/8/64 | 512 | 512
c320179896ae:335:335 [0] NCCL INFO 2 coll channels, 2 collnet channels, 0 nvls channels, 2 p2p channels, 2 p2p channels per peer
c320179896ae:335:335 [0] NCCL INFO CC Off, workFifoBytes 1048576
c320179896ae:336:336 [1] NCCL INFO ncclCommInitRankConfig comm 0x198bd320 rank 1 nranks 2 cudaDev 1 nvmlDev 1 busId 50 commId 0xac6e8cfc122ba284 - Init COMPLETE
c320179896ae:335:335 [0] NCCL INFO ncclCommInitRankConfig comm 0x48257bc0 rank 0 nranks 2 cudaDev 0 nvmlDev 0 busId 40 commId 0xac6e8cfc122ba284 - Init COMPLETE
c320179896ae:335:335 [0] NCCL INFO Init timings - ncclCommInitRankConfig: rank 0 nranks 2 total 0.26 (kernels 0.21, alloc 0.04, bootstrap 0.00, allgathers 0.00, topo 0.01, graphs 0.00, connections 0.00, rest 0.00)
c320179896ae:336:336 [1] NCCL INFO Init timings - ncclCommInitRankConfig: rank 1 nranks 2 total 0.26 (kernels 0.21, alloc 0.04, bootstrap 0.00, allgathers 0.00, topo 0.01, graphs 0.00, connections 0.00, rest 0.00)
c320179896ae:336:336 [1] NCCL INFO Symmetric VA size=16GB
c320179896ae:335:335 [0] NCCL INFO Symmetric VA size=16GB
c320179896ae:335:335 [0] NCCL INFO Channel 00 : 0[0] -> 1[1] via SHM/direct/direct
c320179896ae:336:336 [1] NCCL INFO Channel 00 : 1[1] -> 0[0] via SHM/direct/direct
c320179896ae:335:335 [0] NCCL INFO Channel 01 : 0[0] -> 1[1] via SHM/direct/direct
c320179896ae:336:336 [1] NCCL INFO Channel 01 : 1[1] -> 0[0] via SHM/direct/direct
c320179896ae:335:335 [0] NCCL INFO Connected all rings, use ring PXN 0 GDR 1
c320179896ae:336:336 [1] NCCL INFO Connected all rings, use ring PXN 0 GDR 1
/kaggle/working/gpu-systems-venv/lib/python3.12/site-packages/torch/distributed/c10d_logger.py:83: UserWarning: barrier(): using the device under current context. You can specify `device_id` in `init_process_group` to mute this warning.
  return func(*args, **kwargs)
c320179896ae:336:336 [1] NCCL INFO Channel 00 : 1[1] -> 0[0] via SHM/direct/direct
c320179896ae:336:336 [1] NCCL INFO Channel 01 : 1[1] -> 0[0] via SHM/direct/direct
c320179896ae:335:335 [0] NCCL INFO comm 0x48257bc0 rank 0 nranks 2 cudaDev 0 busId 40 - Destroy COMPLETE
c320179896ae:336:336 [1] NCCL INFO comm 0x198bd320 rank 1 nranks 2 cudaDev 1 busId 50 - Destroy COMPLETE
c320179896ae:335:335 [0] NCCL INFO ENV/Plugin: Closing env plugin ncclEnvDefault
c320179896ae:336:336 [1] NCCL INFO ENV/Plugin: Closing env plugin ncclEnvDefault
